<html>
<body>
<pre>
<h1>µVision Build Log</h1>
<h2>Tool Versions:</h2>
IDE-Version: ¦ÌVision V5.16a
Copyright (C) 2015 ARM Ltd and ARM Germany GmbH. All rights reserved.
License Information: George Frederic, SGmotor, LIC=VGXHL-0YWI9-MMC9I-T1IWU-ZHPEK-QK8BW
 
Tool Versions:
Toolchain:       MDK-ARM Standard  Version: 5.16a
Toolchain Path:  D:\Program Files (x86)\KEIL5\ARM\ARMCC\Bin
C Compiler:      Armcc.exe V5.06 (build 20)
Assembler:       Armasm.exe V5.06 (build 20)
Linker/Locator:  ArmLink.exe V5.06 (build 20)
Library Manager: ArmAr.exe V5.06 (build 20)
Hex Converter:   FromElf.exe V5.06 (build 20)
CPU DLL:         SARMCM3.DLL V5.16a
Dialog DLL:      DARMSTM.DLL V1.65.0.0
Target DLL:      STLink\ST-LINKIII-KEIL_SWO.dll V2.0.17.0
Dialog DLL:      TARMSTM.DLL V1.64.0.0
 
<h2>Project:</h2>
D:\WS_DGM\I2C SCREAM\V6.0_S13-IIC\Àý³Ì\£¨02£©STM32Àý³Ì(STM32F103C8T6)\I2C_SSD1306_STM32(HW)\Project\RVMDK(uV4)\HelTec.uvproj
Project File Date:  04/09/2014

<h2>Output:</h2>
*** Using Compiler 'V5.06 (build 20)', folder: 'D:\Program Files (x86)\KEIL5\ARM\ARMCC\Bin'
Build target 'Template'
linking...
Program Size: Code=5216 RO-data=2408 RW-data=1228 ZI-data=1028  
FromELF: creating hex file...
"..\..\Output\HelTec.axf" - 0 Error(s), 0 Warning(s).
Build Time Elapsed:  00:00:01
</pre>
</body>
</html>
